Watching for file changes with StatReloader
C:\admin\disability_app\backend\venv\Lib\site-packages\jwt\api_jwt.py:147: InsecureKeyLengthWarning: The HMAC key is 9 bytes long, which is below the minimum recommended length of 32 bytes for SHA256. See RFC 7518 Section 3.2.
  return self._jws.encode(
[05/Jun/2026 06:34:57] "POST /api/token/ HTTP/1.1" 200 489
[05/Jun/2026 06:36:16] "OPTIONS /api/token/ HTTP/1.1" 200 0
[05/Jun/2026 06:36:16] "POST /api/token/ HTTP/1.1" 200 489
[05/Jun/2026 06:36:17] "OPTIONS /api/persons/ HTTP/1.1" 200 0
C:\admin\disability_app\backend\venv\Lib\site-packages\jwt\api_jwt.py:368: InsecureKeyLengthWarning: The HMAC key is 9 bytes long, which is below the minimum recommended length of 32 bytes for SHA256. See RFC 7518 Section 3.2.
  decoded = self.decode_complete(
[05/Jun/2026 06:36:17] "GET /api/persons/ HTTP/1.1" 200 71979
[05/Jun/2026 06:36:17] "GET /media/photos/scaled_Screenshot_2025-11-04_184223.png HTTP/1.1" 200 37143
[05/Jun/2026 06:36:17] "GET /media/photos/scaled_Screenshot_2025-11-04_184223_zpCtWO5.png HTTP/1.1" 200 48790
[05/Jun/2026 06:36:26] "POST /api/token/ HTTP/1.1" 200 489
[05/Jun/2026 06:36:26] "GET /api/persons/ HTTP/1.1" 200 52
[05/Jun/2026 06:36:41] "OPTIONS /api/import-excel/ HTTP/1.1" 200 0
[05/Jun/2026 06:36:43] "POST /api/import-excel/ HTTP/1.1" 200 39
[05/Jun/2026 06:36:43] "GET /api/persons/ HTTP/1.1" 200 84157
[05/Jun/2026 06:36:51] "OPTIONS /api/checks/?person=291 HTTP/1.1" 200 0
[05/Jun/2026 06:36:51] "GET /api/checks/?person=291 HTTP/1.1" 200 52
[05/Jun/2026 06:37:14] "GET /api/persons/ HTTP/1.1" 200 84157
[05/Jun/2026 06:37:21] "OPTIONS /api/persons/?search=dy%2C HTTP/1.1" 200 0
[05/Jun/2026 06:37:21] "GET /api/persons/?search=dy%2C HTTP/1.1" 200 52
[05/Jun/2026 06:37:22] "GET /api/persons/ HTTP/1.1" 200 84157
[05/Jun/2026 06:37:23] "OPTIONS /api/persons/?search=%E0%B8%81%E0%B8%A1 HTTP/1.1" 200 0
[05/Jun/2026 06:37:23] "GET /api/persons/?search=%E0%B8%81%E0%B8%A1 HTTP/1.1" 200 52
[05/Jun/2026 06:37:24] "OPTIONS /api/persons/?search=%E0%B8%81%E0%B8%A1%E0%B8%9B HTTP/1.1" 200 0
[05/Jun/2026 06:37:24] "GET /api/persons/?search=%E0%B8%81%E0%B8%A1%E0%B8%9B HTTP/1.1" 200 52
[05/Jun/2026 06:37:25] "OPTIONS /api/persons/?search=%E0%B8%81 HTTP/1.1" 200 0
[05/Jun/2026 06:37:25] "GET /api/persons/?search=%E0%B8%81 HTTP/1.1" 200 83614
[05/Jun/2026 06:37:26] "OPTIONS /api/persons/?search=%E0%B8%81%E0%B8%B1%E0%B8%A1 HTTP/1.1" 200 0
[05/Jun/2026 06:37:26] "GET /api/persons/?search=%E0%B8%81%E0%B8%B1%E0%B8%A1 HTTP/1.1" 200 1750
