Watching for file changes with StatReloader
C:\admin\disability_app\backend\venv\Lib\site-packages\jwt\api_jwt.py:147: InsecureKeyLengthWarning: The HMAC key is 9 bytes long, which is below the minimum recommended length of 32 bytes for SHA256. See RFC 7518 Section 3.2.
  return self._jws.encode(
[04/Jun/2026 23:36:50] "POST /api/token/ HTTP/1.1" 200 489
[04/Jun/2026 23:36:50,971] - Broken pipe from ('127.0.0.1', 52190)
[04/Jun/2026 23:37:50] "POST /api/token/ HTTP/1.1" 200 489
[04/Jun/2026 23:37:50,942] - Broken pipe from ('127.0.0.1', 62571)
Not Found: /
[04/Jun/2026 23:38:12] "GET / HTTP/1.1" 404 2835
Not Found: /favicon.ico
[04/Jun/2026 23:38:12] "GET /favicon.ico HTTP/1.1" 404 2886
Not Found: /
[04/Jun/2026 23:38:18] "GET / HTTP/1.1" 404 2835
[04/Jun/2026 23:38:25] "GET /admin HTTP/1.1" 301 0
[04/Jun/2026 23:38:25] "GET /admin/ HTTP/1.1" 302 0
[04/Jun/2026 23:38:25] "GET /admin/login/?next=/admin/ HTTP/1.1" 200 4302
[04/Jun/2026 23:38:25] "GET /static/admin/css/base.css HTTP/1.1" 200 22120
[04/Jun/2026 23:38:25] "GET /static/admin/css/dark_mode.css HTTP/1.1" 200 2808
[04/Jun/2026 23:38:25] "GET /static/admin/css/nav_sidebar.css HTTP/1.1" 200 2810
[04/Jun/2026 23:38:25] "GET /static/admin/css/login.css HTTP/1.1" 200 951
[04/Jun/2026 23:38:25] "GET /static/admin/css/responsive.css HTTP/1.1" 200 16565
[04/Jun/2026 23:38:25] "GET /static/admin/js/theme.js HTTP/1.1" 200 1653
[04/Jun/2026 23:38:25] "GET /static/admin/js/nav_sidebar.js HTTP/1.1" 200 3063
[04/Jun/2026 23:38:39] "POST /admin/login/?next=/admin/ HTTP/1.1" 302 0
[04/Jun/2026 23:38:39] "GET /admin/ HTTP/1.1" 200 8493
[04/Jun/2026 23:38:39] "GET /static/admin/css/dashboard.css HTTP/1.1" 200 441
[04/Jun/2026 23:38:39] "GET /static/admin/img/icon-changelink.svg HTTP/1.1" 200 380
[04/Jun/2026 23:38:39] "GET /static/admin/img/icon-addlink.svg HTTP/1.1" 200 331
[04/Jun/2026 23:39:44] "OPTIONS /api/token/ HTTP/1.1" 200 0
[04/Jun/2026 23:39:45] "POST /api/token/ HTTP/1.1" 200 489
[04/Jun/2026 23:39:45] "OPTIONS /api/persons/ HTTP/1.1" 200 0
C:\admin\disability_app\backend\venv\Lib\site-packages\jwt\api_jwt.py:368: InsecureKeyLengthWarning: The HMAC key is 9 bytes long, which is below the minimum recommended length of 32 bytes for SHA256. See RFC 7518 Section 3.2.
  decoded = self.decode_complete(
[04/Jun/2026 23:39:45] "GET /api/persons/ HTTP/1.1" 200 71979
[04/Jun/2026 23:39:45] "GET /media/photos/scaled_Screenshot_2025-11-04_184223.png HTTP/1.1" 200 37143
[04/Jun/2026 23:39:45] "GET /media/photos/scaled_Screenshot_2025-11-04_184223_zpCtWO5.png HTTP/1.1" 200 48790
[04/Jun/2026 23:40:10] "OPTIONS /api/download-template/ HTTP/1.1" 200 0
[04/Jun/2026 23:40:10] "GET /api/download-template/ HTTP/1.1" 200 5404
Unauthorized: /api/download-template/
[04/Jun/2026 23:40:11] "GET /api/download-template/ HTTP/1.1" 401 5274
[04/Jun/2026 23:40:11] "GET /static/rest_framework/css/bootstrap-tweaks.css HTTP/1.1" 200 3426
[04/Jun/2026 23:40:11] "GET /static/rest_framework/css/bootstrap.min.css HTTP/1.1" 200 121457
[04/Jun/2026 23:40:11] "GET /static/rest_framework/css/prettify.css HTTP/1.1" 200 817
[04/Jun/2026 23:40:11] "GET /static/rest_framework/css/default.css HTTP/1.1" 200 1152
[04/Jun/2026 23:40:11] "GET /static/rest_framework/js/ajax-form.js HTTP/1.1" 200 3796
[04/Jun/2026 23:40:11] "GET /static/rest_framework/js/jquery-3.7.1.min.js HTTP/1.1" 200 87533
[04/Jun/2026 23:40:11] "GET /static/rest_framework/js/csrf.js HTTP/1.1" 200 1793
[04/Jun/2026 23:40:11] "GET /static/rest_framework/js/bootstrap.min.js HTTP/1.1" 200 39680
[04/Jun/2026 23:40:11] "GET /static/rest_framework/js/prettify-min.js HTTP/1.1" 200 13632
[04/Jun/2026 23:40:11] "GET /static/rest_framework/js/default.js HTTP/1.1" 200 1268
[04/Jun/2026 23:40:11] "GET /static/rest_framework/js/load-ajax-form.js HTTP/1.1" 200 59
[04/Jun/2026 23:40:11] "GET /static/rest_framework/img/grid.png HTTP/1.1" 200 1458
Not Found: /favicon.ico
[04/Jun/2026 23:40:11] "GET /favicon.ico HTTP/1.1" 404 2886
Unauthorized: /api/download-template/
[04/Jun/2026 23:40:19] "GET /api/download-template/ HTTP/1.1" 401 5274
Unauthorized: /api/download-template/
[04/Jun/2026 23:40:22] "GET /api/download-template/?format=json HTTP/1.1" 401 88
[04/Jun/2026 23:40:53] "POST /api/token/ HTTP/1.1" 200 489
[04/Jun/2026 23:40:53] "GET /api/persons/ HTTP/1.1" 200 52
[04/Jun/2026 23:40:58] "GET /api/download-template/ HTTP/1.1" 200 5405
Unauthorized: /api/download-template/
[04/Jun/2026 23:40:58] "GET /api/download-template/ HTTP/1.1" 401 5274
[04/Jun/2026 23:46:07] "POST /api/token/ HTTP/1.1" 200 489
[04/Jun/2026 23:46:07,386] - Broken pipe from ('127.0.0.1', 49310)
[04/Jun/2026 23:46:28] "OPTIONS /api/token/ HTTP/1.1" 200 0
[04/Jun/2026 23:46:28] "POST /api/token/ HTTP/1.1" 200 489
[04/Jun/2026 23:46:29] "OPTIONS /api/persons/ HTTP/1.1" 200 0
[04/Jun/2026 23:46:29] "GET /api/persons/ HTTP/1.1" 200 52
[04/Jun/2026 23:46:32] "OPTIONS /api/download-template/ HTTP/1.1" 200 0
[04/Jun/2026 23:46:32] "GET /api/download-template/ HTTP/1.1" 200 5404
[05/Jun/2026 00:03:53] "POST /api/token/ HTTP/1.1" 200 489
[05/Jun/2026 00:03:53] "GET /api/persons/ HTTP/1.1" 200 52
[05/Jun/2026 00:04:46] "GET /api/download-template/ HTTP/1.1" 200 5405
